apiVersion: v1
kind: Namespace
metadata:
  annotations: {}
  labels:
    name: syn-driver-amdgpu
    pod-security.kubernetes.io/enforce: privileged
    pod-security.kubernetes.io/warn: privileged
  name: syn-driver-amdgpu
